
================================================================================
PIPELINE GENERATION FIX VERIFICATION
================================================================================
python : Traceback (most recent call last):
At line:1 char:1
+ python test_pipeline_fix.py > test_output.txt 2>&1; Get-Content test_ ...
+ ~~~~~~~~~~~~~~~~~~~~~~~~~~~~~~~~~~~~~~~~~~~~~~~~~~
    + CategoryInfo          : NotSpecified: (Traceback (most recent call last)::String) [], RemoteException
    + FullyQualifiedErrorId : NativeCommandError
 
  File "D:\Meta-flow-streamlit\AI-Agent-for-designing-ML-pipeline\test_pipeline_fix.py", line 45, in <module>
    print("\n\u2705 TEST 1: TINY Dataset (500 samples)")
    ~~~~~^^^^^^^^^^^^^^^^^^^^^^^^^^^^^^^^^^^^^^^^^^^
  File "C:\Python313\Lib\encodings\cp1252.py", line 19, in encode
    return codecs.charmap_encode(input,self.errors,encoding_table)[0]
           ~~~~~~~~~~~~~~~~~~~~~^^^^^^^^^^^^^^^^^^^^^^^^^^^^^^^^^^
UnicodeEncodeError: 'charmap' codec can't encode character '\u2705' in position 2: character maps to <undefined>
